../Drivers/CMSIS/Include/core_cm4.h:1933:34:__NVIC_SystemReset	4	static,ignoring_inline_asm
../Core/Src/oled/oled.c:162:6:OLED_Init	4	static
../Core/Src/oled/oled.c:188:6:OLED_Tick	24	static
../Core/Src/oled/oled.c:292:6:OLED_ForceRefresh	4	static
../Core/Src/oled/oled.c:296:13:OLED_InitSendData	24	static
../Core/Src/oled/oled.c:313:13:OLED_SendData	16	static
../Core/Src/oled/oled.c:334:6:I2C4_EV_IRQHandler	4	static
../Core/Src/oled/oled.c:348:13:OLED_RenderEditFrame	32	static
../Core/Src/oled/oled.c:357:13:OLED_RenderBoot	16	static
../Core/Src/oled/oled.c:362:13:OLED_RenderDFU	24	static
../Core/Src/oled/oled.c:376:13:OLED_RenderIpOverview	32	static
../Core/Src/oled/oled.c:393:13:OLED_RenderMenu	24	static
../Core/Src/oled/oled.c:415:13:OLED_RenderEdit	32	static
../Core/Src/oled/oled.c:438:13:OLED_RenderEditSelect	48	static
../Core/Src/oled/oled.c:455:13:OLED_RenderValueSelect	24	static
../Core/Src/oled/oled.c:474:13:OLED_RenderConfirm	24	static
../Core/Src/oled/oled.c:492:13:OLED_RenderInvalidValue	24	static
../Core/Src/oled/oled.c:502:13:OLED_NavigateMenu	24	static
../Core/Src/oled/oled.c:567:13:OLED_NavigateValueSelect	24	static
../Core/Src/oled/oled.c:626:13:OLED_NavigateEditSelect	24	static
../Core/Src/oled/oled.c:675:13:OLED_NavigateEdit	24	static
../Core/Src/oled/oled.c:708:13:OLED_NavigateConfirm	16	static
../Core/Src/oled/oled.c:736:13:OLED_ValidateFieldValue	32	static
../Core/Src/oled/oled.c:770:13:OLED_SetFieldIp	48	static
../Core/Src/oled/oled.c:784:13:OLED_GetFieldIp	32	static
../Core/Src/oled/oled.c:790:13:OLED_SetFieldList	16	static
../Core/Src/oled/oled.c:798:13:OLED_GetFieldList	16	static
../Core/Src/oled/oled.c:802:13:OLED_SetFieldInt	40	static
../Core/Src/oled/oled.c:818:14:OLED_GetFieldInt	16	static
../Core/Src/oled/oled.c:822:13:OLED_SetFieldStr	16	static
../Core/Src/oled/oled.c:832:13:OLED_GetFieldStr	16	static
../Core/Src/oled/oled.c:839:13:OLED_InitPort	24	static
../Core/Src/oled/oled.c:857:13:OLED_InitIp	16	static
../Core/Src/oled/oled.c:870:13:OLED_InitFirmware	16	static
../Core/Src/oled/oled.c:878:13:OLED_ConfirmPort	16	static
../Core/Src/oled/oled.c:920:13:OLED_ConfirmIp	16	static
../Core/Src/oled/oled.c:936:13:OLED_ConfirmReset	8	static
