../Core/Src/oled/ssd1306.c:72:6:SSD1306_Init	24	static
../Core/Src/oled/ssd1306.c:85:6:SSD1306_SendBuffer	8	static
../Core/Src/oled/ssd1306.c:94:13:SSD1306_WriteBuffer	8	static
../Core/Src/oled/ssd1306.c:110:6:SSD1306_Sleep	16	static
../Core/Src/oled/ssd1306.c:118:6:SSD1306_ClearBuffer	16	static
../Core/Src/oled/ssd1306.c:124:6:SSD1306_FillRectangle	40	static
../Core/Src/oled/ssd1306.c:156:6:SSD1306_DrawBorder	32	static
../Core/Src/oled/ssd1306.c:163:6:SSD1306_DrawBitmap	40	static
../Core/Src/oled/ssd1306.c:200:6:SSD1306_DrawPixel	24	static
../Core/Src/oled/ssd1306.c:213:6:SSD1306_DrawChar	40	static
../Core/Src/oled/ssd1306.c:238:6:SSD1306_DrawString	48	static
../Core/Src/oled/ssd1306.c:257:6:SSD1306_DrawStringHighlighted	48	static
../Core/Src/oled/ssd1306.c:281:6:SSD1306_MeasureString	40	static
