../Drivers/CMSIS/Include/core_cm4.h:1679:22:__NVIC_EnableIRQ	16	static,ignoring_inline_asm
../Drivers/CMSIS/Include/core_cm4.h:1809:22:__NVIC_SetPriority	16	static
../Core/Src/usb.c:94:6:USB_Init	8	static
../Core/Src/usb.c:117:6:USB_HP_IRQHandler	40	static
../Core/Src/usb.c:159:6:USB_LP_IRQHandler	8	static
../Core/Src/usb.c:213:13:USB_CopyMemory	40	static
../Core/Src/usb.c:226:13:USB_CopyToUsb	24	static
../Core/Src/usb.c:230:13:USB_CopyFromUsb	24	static
../Core/Src/usb.c:234:13:USB_WriteToUSBMemory	24	static
../Core/Src/usb.c:239:13:USB_ClearSRAM	16	static
../Core/Src/usb.c:247:13:USB_SetEP	32	static
../Core/Src/usb.c:259:13:USB_HandleControl	24	static
../Core/Src/usb.c:316:13:USB_HandleSetup	56	static
../Core/Src/usb.c:564:13:USB_PrepareTransfer	24	static
../Core/Src/usb.c:580:6:USB_Transmit	40	static
../Core/Src/usb.c:595:6:USB_IsTransmitPending	24	static
../Core/Src/usb.c:612:6:USB_Fetch	32	static
../Core/Src/usb.c:622:13:USB_DistributeBuffers	16	static
../Core/Src/usb.c:638:6:USB_SetEPConfig	40	static
