../Core/lwip/src/core/ipv4/dhcp.c:231:1:dhcp_inc_pcb_refcount	8	static
../Core/lwip/src/core/ipv4/dhcp.c:258:1:dhcp_dec_pcb_refcount	8	static
../Core/lwip/src/core/ipv4/dhcp.c:282:1:dhcp_handle_nak	24	static
../Core/lwip/src/core/ipv4/dhcp.c:308:1:dhcp_check	32	static
../Core/lwip/src/core/ipv4/dhcp.c:337:1:dhcp_handle_offer	24	static
../Core/lwip/src/core/ipv4/dhcp.c:371:1:dhcp_select	56	static
../Core/lwip/src/core/ipv4/dhcp.c:435:1:dhcp_coarse_tmr	16	static
../Core/lwip/src/core/ipv4/dhcp.c:473:1:dhcp_fine_tmr	16	static
../Core/lwip/src/core/ipv4/dhcp.c:504:1:dhcp_timeout	24	static
../Core/lwip/src/core/ipv4/dhcp.c:551:1:dhcp_t1_timeout	24	static
../Core/lwip/src/core/ipv4/dhcp.c:578:1:dhcp_t2_timeout	24	static
../Core/lwip/src/core/ipv4/dhcp.c:604:1:dhcp_handle_ack	24	static
../Core/lwip/src/core/ipv4/dhcp.c:695:1:dhcp_set_struct	16	static
../Core/lwip/src/core/ipv4/dhcp.c:717:6:dhcp_cleanup	16	static
../Core/lwip/src/core/ipv4/dhcp.c:742:1:dhcp_start	24	static
../Core/lwip/src/core/ipv4/dhcp.c:819:1:dhcp_inform	88	static
../Core/lwip/src/core/ipv4/dhcp.c:863:1:dhcp_network_changed	24	static
../Core/lwip/src/core/ipv4/dhcp.c:908:1:dhcp_arp_reply	24	static
../Core/lwip/src/core/ipv4/dhcp.c:940:1:dhcp_decline	56	static
../Core/lwip/src/core/ipv4/dhcp.c:986:1:dhcp_discover	48	static
../Core/lwip/src/core/ipv4/dhcp.c:1045:1:dhcp_bind	40	static
../Core/lwip/src/core/ipv4/dhcp.c:1148:1:dhcp_renew	48	static
../Core/lwip/src/core/ipv4/dhcp.c:1204:1:dhcp_rebind	48	static
../Core/lwip/src/core/ipv4/dhcp.c:1258:1:dhcp_reboot	56	static
../Core/lwip/src/core/ipv4/dhcp.c:1316:1:dhcp_release_and_stop	56	static
../Core/lwip/src/core/ipv4/dhcp.c:1393:1:dhcp_release	16	static
../Core/lwip/src/core/ipv4/dhcp.c:1405:1:dhcp_stop	16	static
../Core/lwip/src/core/ipv4/dhcp.c:1416:1:dhcp_set_state	16	static
../Core/lwip/src/core/ipv4/dhcp.c:1431:1:dhcp_option	16	static
../Core/lwip/src/core/ipv4/dhcp.c:1443:1:dhcp_option_byte	16	static
../Core/lwip/src/core/ipv4/dhcp.c:1451:1:dhcp_option_short	16	static
../Core/lwip/src/core/ipv4/dhcp.c:1460:1:dhcp_option_long	24	static
../Core/lwip/src/core/ipv4/dhcp.c:1506:1:dhcp_parse_reply	72	static
../Core/lwip/src/core/ipv4/dhcp.c:1755:1:dhcp_recv	48	static
../Core/lwip/src/core/ipv4/dhcp.c:1875:1:dhcp_create_msg	40	static
../Core/lwip/src/core/ipv4/dhcp.c:1961:1:dhcp_option_trailer	24	static
../Core/lwip/src/core/ipv4/dhcp.c:1981:1:dhcp_supplied_address	24	static
