../Core/lwip/src/core/altcp_tcp.c:74:1:altcp_tcp_accept	32	static
../Core/lwip/src/core/altcp_tcp.c:90:1:altcp_tcp_connected	32	static
../Core/lwip/src/core/altcp_tcp.c:103:1:altcp_tcp_recv	40	static
../Core/lwip/src/core/altcp_tcp.c:120:1:altcp_tcp_sent	32	static
../Core/lwip/src/core/altcp_tcp.c:133:1:altcp_tcp_poll	24	static
../Core/lwip/src/core/altcp_tcp.c:146:1:altcp_tcp_err	24	static
../Core/lwip/src/core/altcp_tcp.c:161:1:altcp_tcp_remove_callbacks	16	static
../Core/lwip/src/core/altcp_tcp.c:173:1:altcp_tcp_setup_callbacks	16	static
../Core/lwip/src/core/altcp_tcp.c:186:1:altcp_tcp_setup	16	static
../Core/lwip/src/core/altcp_tcp.c:194:1:altcp_tcp_new_ip_type	24	static
../Core/lwip/src/core/altcp_tcp.c:217:1:altcp_tcp_alloc	16	static
../Core/lwip/src/core/altcp_tcp.c:224:1:altcp_tcp_wrap	24	static
../Core/lwip/src/core/altcp_tcp.c:239:1:altcp_tcp_set_poll	24	static
../Core/lwip/src/core/altcp_tcp.c:249:1:altcp_tcp_recved	24	static
../Core/lwip/src/core/altcp_tcp.c:259:1:altcp_tcp_bind	32	static
../Core/lwip/src/core/altcp_tcp.c:271:1:altcp_tcp_connect	32	static
../Core/lwip/src/core/altcp_tcp.c:284:1:altcp_tcp_listen	32	static
../Core/lwip/src/core/altcp_tcp.c:303:1:altcp_tcp_abort	24	static
../Core/lwip/src/core/altcp_tcp.c:315:1:altcp_tcp_close	32	static
../Core/lwip/src/core/altcp_tcp.c:342:1:altcp_tcp_shutdown	32	static
../Core/lwip/src/core/altcp_tcp.c:354:1:altcp_tcp_write	32	static
../Core/lwip/src/core/altcp_tcp.c:366:1:altcp_tcp_output	24	static
../Core/lwip/src/core/altcp_tcp.c:378:1:altcp_tcp_mss	24	static
../Core/lwip/src/core/altcp_tcp.c:390:1:altcp_tcp_sndbuf	24	static
../Core/lwip/src/core/altcp_tcp.c:402:1:altcp_tcp_sndqueuelen	24	static
../Core/lwip/src/core/altcp_tcp.c:414:1:altcp_tcp_nagle_disable	24	static
../Core/lwip/src/core/altcp_tcp.c:424:1:altcp_tcp_nagle_enable	24	static
../Core/lwip/src/core/altcp_tcp.c:434:1:altcp_tcp_nagle_disabled	24	static
../Core/lwip/src/core/altcp_tcp.c:445:1:altcp_tcp_setprio	24	static
../Core/lwip/src/core/altcp_tcp.c:480:1:altcp_tcp_dealloc	16	static
../Core/lwip/src/core/altcp_tcp.c:488:1:altcp_tcp_get_tcp_addrinfo	32	static
../Core/lwip/src/core/altcp_tcp.c:499:1:altcp_tcp_get_ip	24	static
../Core/lwip/src/core/altcp_tcp.c:516:1:altcp_tcp_get_port	24	static
