../Core/lwip/src/core/netif.c:177:1:netif_init	4	static
../Core/lwip/src/core/netif.c:217:1:netif_input	16	static
../Core/lwip/src/core/netif.c:239:1:netif_add_noaddr	40	static
../Core/lwip/src/core/netif.c:276:1:netif_add	32	static
../Core/lwip/src/core/netif.c:445:1:netif_do_ip_addr_changed	16	static
../Core/lwip/src/core/netif.c:460:1:netif_do_set_ipaddr	32	static
../Core/lwip/src/core/netif.c:503:1:netif_set_ipaddr	32	static
../Core/lwip/src/core/netif.c:526:1:netif_do_set_netmask	24	static
../Core/lwip/src/core/netif.c:563:1:netif_set_netmask	40	static
../Core/lwip/src/core/netif.c:590:1:netif_do_set_gw	24	static
../Core/lwip/src/core/netif.c:624:1:netif_set_gw	40	static
../Core/lwip/src/core/netif.c:661:1:netif_set_addr	64	static
../Core/lwip/src/core/netif.c:740:1:netif_remove	24	static
../Core/lwip/src/core/netif.c:825:1:netif_set_default	16	static
../Core/lwip/src/core/netif.c:847:1:netif_set_up	32	static
../Core/lwip/src/core/netif.c:878:1:netif_issue_reports	16	static
../Core/lwip/src/core/netif.c:922:1:netif_set_down	32	static
../Core/lwip/src/core/netif.c:960:1:netif_set_status_callback	16	static
../Core/lwip/src/core/netif.c:991:1:netif_set_link_up	32	static
../Core/lwip/src/core/netif.c:1029:1:netif_set_link_down	32	static
../Core/lwip/src/core/netif.c:1058:1:netif_set_link_callback	16	static
../Core/lwip/src/core/netif.c:1305:1:netif_alloc_client_data_id	16	static
../Core/lwip/src/core/netif.c:1637:1:netif_null_output_ip4	24	static
../Core/lwip/src/core/netif.c:1655:1:netif_name_to_index	24	static
../Core/lwip/src/core/netif.c:1674:1:netif_index_to_name	24	static
../Core/lwip/src/core/netif.c:1694:1:netif_get_by_index	24	static
../Core/lwip/src/core/netif.c:1719:1:netif_find	24	static
../Core/lwip/src/core/netif.c:1756:1:netif_add_ext_callback	16	static
../Core/lwip/src/core/netif.c:1773:1:netif_remove_ext_callback	24	static
../Core/lwip/src/core/netif.c:1806:1:netif_invoke_ext_callback	32	static
